// Jest Snapshot v1, https://goo.gl/fbAQLP

exports[`renders correctly 1`] = `
<button>
  <span>
    menu
  </span>
  <span>
    <span />
    <span />
    <span />
  </span>
</button>
`;
